Archive member included to satisfy reference by file (symbol)

./libopencm3//lib/libopencm3_stm32f1.a(gpio.o)
                              usbhid.o (gpio_set_mode)
./libopencm3//lib/libopencm3_stm32f1.a(gpio_common_all.o)
                              usbhid.o (gpio_set)
./libopencm3//lib/libopencm3_stm32f1.a(rcc.o)
                              usbhid.o (rcc_clock_setup_in_hsi_out_48mhz)
./libopencm3//lib/libopencm3_stm32f1.a(rcc_common_all.o)
                              usbhid.o (rcc_periph_clock_enable)
./libopencm3//lib/libopencm3_stm32f1.a(usb.o)
                              usbhid.o (usbd_init)
./libopencm3//lib/libopencm3_stm32f1.a(usb_control.o)
                              usbhid.o (usbd_register_control_callback)
./libopencm3//lib/libopencm3_stm32f1.a(usb_standard.o)
                              usbhid.o (usbd_register_set_config_callback)
./libopencm3//lib/libopencm3_stm32f1.a(st_usbfs_v1.o)
                              usbhid.o (st_usbfs_v1_usb_driver)
./libopencm3//lib/libopencm3_stm32f1.a(vector.o)
                              (reset_handler)
./libopencm3//lib/libopencm3_stm32f1.a(systick.o)
                              usbhid.o (systick_set_reload)
./libopencm3//lib/libopencm3_stm32f1.a(scb.o)
                              usbhid.o (scb_reset_core)
./libopencm3//lib/libopencm3_stm32f1.a(assert.o)
                              ./libopencm3//lib/libopencm3_stm32f1.a(rcc.o) (cm3_assert_failed)
./libopencm3//lib/libopencm3_stm32f1.a(flash_common_all.o)
                              ./libopencm3//lib/libopencm3_stm32f1.a(rcc.o) (flash_set_ws)
./libopencm3//lib/libopencm3_stm32f1.a(st_usbfs_core.o)
                              ./libopencm3//lib/libopencm3_stm32f1.a(st_usbfs_v1.o) (st_usbfs_set_address)
/usr/lib/gcc/arm-none-eabi/6.3.1/../../../arm-none-eabi/lib/thumb/v7-m/libc.a(lib_a-memcpy.o)
                              ./libopencm3//lib/libopencm3_stm32f1.a(usb_standard.o) (memcpy)
/usr/lib/gcc/arm-none-eabi/6.3.1/../../../arm-none-eabi/lib/thumb/v7-m/libc.a(lib_a-strlen-stub.o)
                              ./libopencm3//lib/libopencm3_stm32f1.a(usb_standard.o) (strlen)

Discarded input sections

 .group         0x0000000000000000        0x8 usbhid.o
 .group         0x0000000000000000        0x8 usbhid.o
 .group         0x0000000000000000        0x8 usbhid.o
 .group         0x0000000000000000        0x8 usbhid.o
 .group         0x0000000000000000        0x8 usbhid.o
 .group         0x0000000000000000        0x8 usbhid.o
 .group         0x0000000000000000        0x8 usbhid.o
 .group         0x0000000000000000        0x8 usbhid.o
 .group         0x0000000000000000        0x8 usbhid.o
 .group         0x0000000000000000        0x8 usbhid.o
 .group         0x0000000000000000        0x8 usbhid.o
 .group         0x0000000000000000        0x8 usbhid.o
 .group         0x0000000000000000        0x8 usbhid.o
 .group         0x0000000000000000        0x8 usbhid.o
 .group         0x0000000000000000        0x8 usbhid.o
 .group         0x0000000000000000        0x8 usbhid.o
 .group         0x0000000000000000        0x8 usbhid.o
 .group         0x0000000000000000        0x8 usbhid.o
 .group         0x0000000000000000        0x8 usbhid.o
 .group         0x0000000000000000        0x8 usbhid.o
 .group         0x0000000000000000        0x8 usbhid.o
 .group         0x0000000000000000        0x8 usbhid.o
 .group         0x0000000000000000        0x8 usbhid.o
 .group         0x0000000000000000        0x8 usbhid.o
 .group         0x0000000000000000        0x8 usbhid.o
 .group         0x0000000000000000        0x8 usbhid.o
 .group         0x0000000000000000        0x8 usbhid.o
 .group         0x0000000000000000        0x8 usbhid.o
 .group         0x0000000000000000        0x8 usbhid.o
 .group         0x0000000000000000        0x8 usbhid.o
 .group         0x0000000000000000        0x8 usbhid.o
 .group         0x0000000000000000        0x8 usbhid.o
 .group         0x0000000000000000        0x8 usbhid.o
 .group         0x0000000000000000        0x8 usbhid.o
 .group         0x0000000000000000        0x8 usbhid.o
 .group         0x0000000000000000        0x8 usbhid.o
 .text          0x0000000000000000        0x0 usbhid.o
 .data          0x0000000000000000        0x0 usbhid.o
 .bss           0x0000000000000000        0x0 usbhid.o
 .group         0x0000000000000000        0x8 ./libopencm3//lib/libopencm3_stm32f1.a(gpio.o)
 .group         0x0000000000000000        0x8 ./libopencm3//lib/libopencm3_stm32f1.a(gpio.o)
 .group         0x0000000000000000        0x8 ./libopencm3//lib/libopencm3_stm32f1.a(gpio.o)
 .group         0x0000000000000000        0x8 ./libopencm3//lib/libopencm3_stm32f1.a(gpio.o)
 .group         0x0000000000000000        0x8 ./libopencm3//lib/libopencm3_stm32f1.a(gpio.o)
 .group         0x0000000000000000        0x8 ./libopencm3//lib/libopencm3_stm32f1.a(gpio.o)
 .group         0x0000000000000000        0x8 ./libopencm3//lib/libopencm3_stm32f1.a(gpio.o)
[...]
Memory Configuration

Name             Origin             Length             Attributes
rom              0x0000000008000000 0x0000000000010000 xr
ram              0x0000000020000000 0x0000000000005000 xrw
*default*        0x0000000000000000 0xffffffffffffffff

Linker script and memory map

LOAD usbhid.o
LOAD ./libopencm3//lib/libopencm3_stm32f1.a
START GROUP
LOAD /usr/lib/gcc/arm-none-eabi/6.3.1/../../../arm-none-eabi/lib/thumb/v7-m/libc.a
LOAD /usr/lib/gcc/arm-none-eabi/6.3.1/thumb/v7-m/libgcc.a
LOAD /usr/lib/gcc/arm-none-eabi/6.3.1/../../../arm-none-eabi/lib/thumb/v7-m/libnosys.a
END GROUP
START GROUP
LOAD /usr/lib/gcc/arm-none-eabi/6.3.1/thumb/v7-m/libgcc.a
LOAD /usr/lib/gcc/arm-none-eabi/6.3.1/../../../arm-none-eabi/lib/thumb/v7-m/libg.a
LOAD /usr/lib/gcc/arm-none-eabi/6.3.1/../../../arm-none-eabi/lib/thumb/v7-m/libc.a
END GROUP

.text           0x0000000008000000     0x1738
 *(.vectors)
 .vectors       0x0000000008000000      0x150 ./libopencm3//lib/libopencm3_stm32f1.a(vector.o)
                0x0000000008000000                vector_table
 *(.text*)
 .text.dfu_control_request
                0x0000000008000150       0x1c usbhid.o
 .text.hid_set_config
                0x000000000800016c       0x50 usbhid.o
 .text.dfu_detach_complete
                0x00000000080001bc       0x24 usbhid.o
 .text.hid_control_request
                0x00000000080001e0       0x28 usbhid.o
 .text.startup.main
                0x0000000008000208       0x7c usbhid.o
                0x0000000008000208                main
 .text.sys_tick_handler
                0x0000000008000284       0x48 usbhid.o
                0x0000000008000284                sys_tick_handler
 .text.gpio_set_mode
                0x00000000080002cc       0x62 ./libopencm3//lib/libopencm3_stm32f1.a(gpio.o)
                0x00000000080002cc                gpio_set_mode
 .text.gpio_set
                0x000000000800032e        0x4 ./libopencm3//lib/libopencm3_stm32f1.a(gpio_common_all.o)
                0x000000000800032e                gpio_set
 .text.gpio_clear
                0x0000000008000332        0x6 ./libopencm3//lib/libopencm3_stm32f1.a(gpio_common_all.o)
                0x0000000008000332                gpio_clear
 .text.rcc_osc_on.part.1
                0x0000000008000338       0x10 ./libopencm3//lib/libopencm3_stm32f1.a(rcc.o)
 .text.rcc_is_osc_ready
                0x0000000008000348       0x5c ./libopencm3//lib/libopencm3_stm32f1.a(rcc.o)
                0x0000000008000348                rcc_is_osc_ready
 .text.rcc_wait_for_osc_ready
                0x00000000080003a4       0x10 ./libopencm3//lib/libopencm3_stm32f1.a(rcc.o)
                0x00000000080003a4                rcc_wait_for_osc_ready
 .text.rcc_osc_on
                0x00000000080003b4       0x54 ./libopencm3//lib/libopencm3_stm32f1.a(rcc.o)
                0x00000000080003b4                rcc_osc_on
 .text.rcc_set_sysclk_source
                0x0000000008000408       0x14 ./libopencm3//lib/libopencm3_stm32f1.a(rcc.o)
                0x0000000008000408                rcc_set_sysclk_source
 .text.rcc_set_pll_multiplication_factor
                0x000000000800041c       0x14 ./libopencm3//lib/libopencm3_stm32f1.a(rcc.o)
                0x000000000800041c                rcc_set_pll_multiplication_factor
 .text.rcc_set_pll_source
                0x0000000008000430       0x14 ./libopencm3//lib/libopencm3_stm32f1.a(rcc.o)
                0x0000000008000430                rcc_set_pll_source
 .text.rcc_set_adcpre
                0x0000000008000444       0x14 ./libopencm3//lib/libopencm3_stm32f1.a(rcc.o)
                0x0000000008000444                rcc_set_adcpre
 .text.rcc_set_ppre2
                0x0000000008000458       0x14 ./libopencm3//lib/libopencm3_stm32f1.a(rcc.o)
                0x0000000008000458                rcc_set_ppre2
 .text.rcc_set_ppre1
                0x000000000800046c       0x14 ./libopencm3//lib/libopencm3_stm32f1.a(rcc.o)
                0x000000000800046c                rcc_set_ppre1
 .text.rcc_set_hpre
                0x0000000008000480       0x14 ./libopencm3//lib/libopencm3_stm32f1.a(rcc.o)
                0x0000000008000480                rcc_set_hpre
 .text.rcc_clock_setup_in_hsi_out_48mhz
                0x0000000008000494       0x84 ./libopencm3//lib/libopencm3_stm32f1.a(rcc.o)
                0x0000000008000494                rcc_clock_setup_in_hsi_out_48mhz
 .text.rcc_periph_clock_enable
                0x0000000008000518       0x1a ./libopencm3//lib/libopencm3_stm32f1.a(rcc_common_all.o)
                0x0000000008000518                rcc_periph_clock_enable
 *fill*         0x0000000008000532        0x2 
 .text.usbd_init
                0x0000000008000534       0x58 ./libopencm3//lib/libopencm3_stm32f1.a(usb.o)
                0x0000000008000534                usbd_init
 .text.usbd_poll
                0x000000000800058c        0x8 ./libopencm3//lib/libopencm3_stm32f1.a(usb.o)
                0x000000000800058c                usbd_poll
 .text.usbd_ep_setup
                0x0000000008000594        0xe ./libopencm3//lib/libopencm3_stm32f1.a(usb.o)
                0x0000000008000594                usbd_ep_setup
 .text._usbd_reset
                0x00000000080005a2       0x34 ./libopencm3//lib/libopencm3_stm32f1.a(usb.o)
                0x00000000080005a2                _usbd_reset
 .text.usbd_ep_write_packet
                0x00000000080005d6        0xe ./libopencm3//lib/libopencm3_stm32f1.a(usb.o)
                0x00000000080005d6                usbd_ep_write_packet
 .text.usbd_ep_read_packet
                0x00000000080005e4        0xe ./libopencm3//lib/libopencm3_stm32f1.a(usb.o)
                0x00000000080005e4                usbd_ep_read_packet
 .text.usbd_ep_stall_set
                0x00000000080005f2        0x8 ./libopencm3//lib/libopencm3_stm32f1.a(usb.o)
                0x00000000080005f2                usbd_ep_stall_set
 .text.usbd_ep_stall_get
                0x00000000080005fa        0x8 ./libopencm3//lib/libopencm3_stm32f1.a(usb.o)
                0x00000000080005fa                usbd_ep_stall_get
 .text.usbd_ep_nak_set
                0x0000000008000602        0x8 ./libopencm3//lib/libopencm3_stm32f1.a(usb.o)
                0x0000000008000602                usbd_ep_nak_set
 .text.usb_control_send_chunk
                0x000000000800060a       0x54 ./libopencm3//lib/libopencm3_stm32f1.a(usb_control.o)
 .text.usb_control_request_dispatch
                0x000000000800065e       0x62 ./libopencm3//lib/libopencm3_stm32f1.a(usb_control.o)
 .text.stall_transaction
                0x00000000080006c0       0x14 ./libopencm3//lib/libopencm3_stm32f1.a(usb_control.o)
 .text.usb_control_recv_chunk
                0x00000000080006d4       0x3c ./libopencm3//lib/libopencm3_stm32f1.a(usb_control.o)
 .text.usb_control_setup_read
                0x0000000008000710       0x6a ./libopencm3//lib/libopencm3_stm32f1.a(usb_control.o)
 .text.usbd_register_control_callback
                0x000000000800077a       0x26 ./libopencm3//lib/libopencm3_stm32f1.a(usb_control.o)
                0x000000000800077a                usbd_register_control_callback
 .text._usbd_control_setup
                0x00000000080007a0       0x60 ./libopencm3//lib/libopencm3_stm32f1.a(usb_control.o)
                0x00000000080007a0                _usbd_control_setup
 .text._usbd_control_out
                0x0000000008000800       0x84 ./libopencm3//lib/libopencm3_stm32f1.a(usb_control.o)
                0x0000000008000800                _usbd_control_out
 .text._usbd_control_in
                0x0000000008000884       0x64 ./libopencm3//lib/libopencm3_stm32f1.a(usb_control.o)
                0x0000000008000884                _usbd_control_in
 .text.usb_standard_set_configuration
                0x00000000080008e8       0x92 ./libopencm3//lib/libopencm3_stm32f1.a(usb_standard.o)
 .text.usb_standard_get_configuration
                0x000000000800097a       0x22 ./libopencm3//lib/libopencm3_stm32f1.a(usb_standard.o)
 .text.usb_standard_get_interface
                0x000000000800099c       0x34 ./libopencm3//lib/libopencm3_stm32f1.a(usb_standard.o)
 .text.usb_standard_interface_get_status
                0x00000000080009d0       0x18 ./libopencm3//lib/libopencm3_stm32f1.a(usb_standard.o)
 .text.usb_standard_endpoint_get_status
                0x00000000080009e8       0x2a ./libopencm3//lib/libopencm3_stm32f1.a(usb_standard.o)
 .text.usb_standard_endpoint_stall
                0x0000000008000a12       0x10 ./libopencm3//lib/libopencm3_stm32f1.a(usb_standard.o)
 .text.usb_standard_endpoint_unstall
                0x0000000008000a22       0x10 ./libopencm3//lib/libopencm3_stm32f1.a(usb_standard.o)
 .text.usb_standard_set_address
                0x0000000008000a32       0x28 ./libopencm3//lib/libopencm3_stm32f1.a(usb_standard.o)
 .text.usb_standard_set_interface
                0x0000000008000a5a       0x4a ./libopencm3//lib/libopencm3_stm32f1.a(usb_standard.o)
 .text.usb_standard_get_descriptor
                0x0000000008000aa4      0x258 ./libopencm3//lib/libopencm3_stm32f1.a(usb_standard.o)
 .text.usb_standard_device_get_status
                0x0000000008000cfc       0x18 ./libopencm3//lib/libopencm3_stm32f1.a(usb_standard.o)
 .text.usbd_register_set_config_callback
                0x0000000008000d14       0x28 ./libopencm3//lib/libopencm3_stm32f1.a(usb_standard.o)
                0x0000000008000d14                usbd_register_set_config_callback
 .text._usbd_standard_request_device
                0x0000000008000d3c       0x20 ./libopencm3//lib/libopencm3_stm32f1.a(usb_standard.o)
                0x0000000008000d3c                _usbd_standard_request_device
 .text._usbd_standard_request_interface
                0x0000000008000d5c       0x20 ./libopencm3//lib/libopencm3_stm32f1.a(usb_standard.o)
                0x0000000008000d5c                _usbd_standard_request_interface
 .text._usbd_standard_request_endpoint
                0x0000000008000d7c       0x3c ./libopencm3//lib/libopencm3_stm32f1.a(usb_standard.o)
                0x0000000008000d7c                _usbd_standard_request_endpoint
 .text._usbd_standard_request
                0x0000000008000db8       0x30 ./libopencm3//lib/libopencm3_stm32f1.a(usb_standard.o)
                0x0000000008000db8                _usbd_standard_request
 .text.st_usbfs_v1_usbd_init
                0x0000000008000de8       0x30 ./libopencm3//lib/libopencm3_stm32f1.a(st_usbfs_v1.o)
 .text.st_usbfs_copy_to_pm
                0x0000000008000e18       0x1a ./libopencm3//lib/libopencm3_stm32f1.a(st_usbfs_v1.o)
                0x0000000008000e18                st_usbfs_copy_to_pm
 .text.st_usbfs_copy_from_pm
                0x0000000008000e32       0x2a ./libopencm3//lib/libopencm3_stm32f1.a(st_usbfs_v1.o)
                0x0000000008000e32                st_usbfs_copy_from_pm
 .text.blocking_handler
                0x0000000008000e5c        0x2 ./libopencm3//lib/libopencm3_stm32f1.a(vector.o)
                0x0000000008000e5c                usart3_isr
                0x0000000008000e5c                rtc_isr
                0x0000000008000e5c                tim7_isr
                0x0000000008000e5c                adc1_2_isr
                0x0000000008000e5c                tim1_trg_com_isr
                0x0000000008000e5c                usb_hp_can_tx_isr
                0x0000000008000e5c                tim6_isr
                0x0000000008000e5c                usb_wakeup_isr
                0x0000000008000e5c                blocking_handler
                0x0000000008000e5c                tim5_isr
                0x0000000008000e5c                otg_fs_isr
                0x0000000008000e5c                spi1_isr
                0x0000000008000e5c                exti2_isr
                0x0000000008000e5c                dma1_channel6_isr
                0x0000000008000e5c                can_rx1_isr
                0x0000000008000e5c                dma1_channel5_isr
                0x0000000008000e5c                dma2_channel5_isr
                0x0000000008000e5c                usart1_isr
                0x0000000008000e5c                usage_fault_handler
                0x0000000008000e5c                tim8_trg_com_isr
                0x0000000008000e5c                can2_rx0_isr
                0x0000000008000e5c                tim1_brk_isr
                0x0000000008000e5c                can2_rx1_isr
                0x0000000008000e5c                tim1_cc_isr
                0x0000000008000e5c                sdio_isr
                0x0000000008000e5c                eth_isr
                0x0000000008000e5c                dma1_channel4_isr
                0x0000000008000e5c                tim8_brk_isr
                0x0000000008000e5c                dma2_channel4_5_isr
                0x0000000008000e5c                pvd_isr
                0x0000000008000e5c                rcc_isr
                0x0000000008000e5c                flash_isr
                0x0000000008000e5c                uart4_isr
                0x0000000008000e5c                rtc_alarm_isr
                0x0000000008000e5c                exti15_10_isr
                0x0000000008000e5c                hard_fault_handler
                0x0000000008000e5c                exti1_isr
                0x0000000008000e5c                i2c1_ev_isr
                0x0000000008000e5c                dma2_channel1_isr
                0x0000000008000e5c                spi2_isr
                0x0000000008000e5c                tim8_up_isr
                0x0000000008000e5c                dma2_channel2_isr
                0x0000000008000e5c                exti3_isr
                0x0000000008000e5c                adc3_isr
                0x0000000008000e5c                tim3_isr
                0x0000000008000e5c                usart2_isr
                0x0000000008000e5c                usb_lp_can_rx0_isr
                0x0000000008000e5c                i2c2_er_isr
                0x0000000008000e5c                i2c2_ev_isr
                0x0000000008000e5c                uart5_isr
                0x0000000008000e5c                fsmc_isr
                0x0000000008000e5c                dma1_channel1_isr
                0x0000000008000e5c                exti4_isr
                0x0000000008000e5c                mem_manage_handler
                0x0000000008000e5c                can2_tx_isr
                0x0000000008000e5c                exti9_5_isr
                0x0000000008000e5c                dma2_channel3_isr
                0x0000000008000e5c                dma1_channel7_isr
                0x0000000008000e5c                tim1_up_isr
                0x0000000008000e5c                can2_sce_isr
                0x0000000008000e5c                tim4_isr
                0x0000000008000e5c                dma1_channel2_isr
                0x0000000008000e5c                i2c1_er_isr
                0x0000000008000e5c                can_sce_isr
                0x0000000008000e5c                tim8_cc_isr
                0x0000000008000e5c                tamper_isr
                0x0000000008000e5c                eth_wkup_isr
                0x0000000008000e5c                bus_fault_handler
                0x0000000008000e5c                wwdg_isr
                0x0000000008000e5c                dma1_channel3_isr
                0x0000000008000e5c                spi3_isr
                0x0000000008000e5c                tim2_isr
                0x0000000008000e5c                exti0_isr
 .text.null_handler
                0x0000000008000e5e        0x2 ./libopencm3//lib/libopencm3_stm32f1.a(vector.o)
                0x0000000008000e5e                null_handler
                0x0000000008000e5e                sv_call_handler
                0x0000000008000e5e                pend_sv_handler
                0x0000000008000e5e                debug_monitor_handler
                0x0000000008000e5e                nmi_handler
 .text.reset_handler
                0x0000000008000e60       0x94 ./libopencm3//lib/libopencm3_stm32f1.a(vector.o)
                0x0000000008000e60                reset_handler
 .text.systick_set_reload
                0x0000000008000ef4       0x10 ./libopencm3//lib/libopencm3_stm32f1.a(systick.o)
                0x0000000008000ef4                systick_set_reload
 .text.systick_set_clocksource
                0x0000000008000f04       0x18 ./libopencm3//lib/libopencm3_stm32f1.a(systick.o)
                0x0000000008000f04                systick_set_clocksource
 .text.systick_interrupt_enable
                0x0000000008000f1c       0x10 ./libopencm3//lib/libopencm3_stm32f1.a(systick.o)
                0x0000000008000f1c                systick_interrupt_enable
 .text.systick_counter_enable
                0x0000000008000f2c       0x10 ./libopencm3//lib/libopencm3_stm32f1.a(systick.o)
                0x0000000008000f2c                systick_counter_enable
 .text.scb_reset_core
                0x0000000008000f3c       0x10 ./libopencm3//lib/libopencm3_stm32f1.a(scb.o)
                0x0000000008000f3c                scb_reset_core
 .text.flash_set_ws
                0x0000000008000f4c       0x14 ./libopencm3//lib/libopencm3_stm32f1.a(flash_common_all.o)
                0x0000000008000f4c                flash_set_ws
 .text.st_usbfs_set_address
                0x0000000008000f60       0x10 ./libopencm3//lib/libopencm3_stm32f1.a(st_usbfs_core.o)
                0x0000000008000f60                st_usbfs_set_address
 .text.st_usbfs_set_ep_rx_bufsize
                0x0000000008000f70       0x3c ./libopencm3//lib/libopencm3_stm32f1.a(st_usbfs_core.o)
                0x0000000008000f70                st_usbfs_set_ep_rx_bufsize
 .text.st_usbfs_ep_setup
                0x0000000008000fac      0x12c ./libopencm3//lib/libopencm3_stm32f1.a(st_usbfs_core.o)
                0x0000000008000fac                st_usbfs_ep_setup
 .text.st_usbfs_endpoints_reset
                0x00000000080010d8       0x44 ./libopencm3//lib/libopencm3_stm32f1.a(st_usbfs_core.o)
                0x00000000080010d8                st_usbfs_endpoints_reset
 .text.st_usbfs_ep_stall_set
                0x000000000800111c       0xc4 ./libopencm3//lib/libopencm3_stm32f1.a(st_usbfs_core.o)
                0x000000000800111c                st_usbfs_ep_stall_set
 .text.st_usbfs_ep_stall_get
                0x00000000080011e0       0x38 ./libopencm3//lib/libopencm3_stm32f1.a(st_usbfs_core.o)
                0x00000000080011e0                st_usbfs_ep_stall_get
 .text.st_usbfs_ep_nak_set
                0x0000000008001218       0x3c ./libopencm3//lib/libopencm3_stm32f1.a(st_usbfs_core.o)
                0x0000000008001218                st_usbfs_ep_nak_set
 .text.st_usbfs_ep_write_packet
                0x0000000008001254       0x7c ./libopencm3//lib/libopencm3_stm32f1.a(st_usbfs_core.o)
                0x0000000008001254                st_usbfs_ep_write_packet
 .text.st_usbfs_ep_read_packet
                0x00000000080012d0       0xa8 ./libopencm3//lib/libopencm3_stm32f1.a(st_usbfs_core.o)
                0x00000000080012d0                st_usbfs_ep_read_packet
 .text.st_usbfs_poll
                0x0000000008001378       0xf8 ./libopencm3//lib/libopencm3_stm32f1.a(st_usbfs_core.o)
                0x0000000008001378                st_usbfs_poll
 .text          0x0000000008001470       0xec /usr/lib/gcc/arm-none-eabi/6.3.1/../../../arm-none-eabi/lib/thumb/v7-m/libc.a(lib_a-memcpy.o)
                0x0000000008001470                memcpy
 .text          0x000000000800155c       0x5c /usr/lib/gcc/arm-none-eabi/6.3.1/../../../arm-none-eabi/lib/thumb/v7-m/libc.a(lib_a-strlen-stub.o)
                0x000000000800155c                strlen
                0x00000000080015b8                . = ALIGN (0x4)
 *(.rodata*)
 .rodata.config
                0x00000000080015b8        0xd usbhid.o
                0x00000000080015b8                config
 .rodata.dev_descr
                0x00000000080015c5       0x12 usbhid.o
                0x00000000080015c5                dev_descr
 .rodata.dfu_function
                0x00000000080015d7        0x9 usbhid.o
                0x00000000080015d7                dfu_function
 .rodata.dfu_iface
                0x00000000080015e0       0x15 usbhid.o
                0x00000000080015e0                dfu_iface
 .rodata.hid_endpoint
                0x00000000080015f5        0xf usbhid.o
                0x00000000080015f5                hid_endpoint
 .rodata.hid_function
                0x0000000008001604        0x9 usbhid.o
 .rodata.hid_iface
                0x000000000800160d       0x15 usbhid.o
                0x000000000800160d                hid_iface
 .rodata.hid_report_descriptor
                0x0000000008001622       0x4a usbhid.o
 .rodata.ifaces
                0x000000000800166c       0x20 usbhid.o
                0x000000000800166c                ifaces
 .rodata.str1.1
                0x000000000800168c       0x1e usbhid.o
 *fill*         0x00000000080016aa        0x2 
 .rodata.CSWTCH.31
                0x00000000080016ac       0x28 ./libopencm3//lib/libopencm3_stm32f1.a(usb_standard.o)
 .rodata.CSWTCH.33
                0x00000000080016d4       0x30 ./libopencm3//lib/libopencm3_stm32f1.a(usb_standard.o)
 .rodata.st_usbfs_v1_usb_driver
                0x0000000008001704       0x34 ./libopencm3//lib/libopencm3_stm32f1.a(st_usbfs_v1.o)
                0x0000000008001704                st_usbfs_v1_usb_driver
                0x0000000008001738                . = ALIGN (0x4)

.glue_7         0x0000000008001738        0x0
 .glue_7        0x0000000008001738        0x0 linker stubs

.glue_7t        0x0000000008001738        0x0
 .glue_7t       0x0000000008001738        0x0 linker stubs

.vfp11_veneer   0x0000000008001738        0x0
 .vfp11_veneer  0x0000000008001738        0x0 linker stubs

.v4_bx          0x0000000008001738        0x0
 .v4_bx         0x0000000008001738        0x0 linker stubs

.iplt           0x0000000008001738        0x0
 .iplt          0x0000000008001738        0x0 usbhid.o

.rel.dyn        0x0000000008001738        0x0
 .rel.iplt      0x0000000008001738        0x0 usbhid.o

.preinit_array  0x0000000008001738        0x0
                0x0000000008001738                . = ALIGN (0x4)
                0x0000000008001738                __preinit_array_start = .
 *(.preinit_array)
                0x0000000008001738                __preinit_array_end = .

.init_array     0x0000000008001738        0x0
                0x0000000008001738                . = ALIGN (0x4)
                0x0000000008001738                __init_array_start = .
 *(SORT(.init_array.*))
 *(.init_array)
                0x0000000008001738                __init_array_end = .

.fini_array     0x0000000008001738        0x0
                0x0000000008001738                . = ALIGN (0x4)
                0x0000000008001738                __fini_array_start = .
 *(.fini_array)
 *(SORT(.fini_array.*))
                0x0000000008001738                __fini_array_end = .

.ARM.extab
 *(.ARM.extab*)

.ARM.exidx      0x0000000008001738        0x0
                0x0000000008001738                __exidx_start = .
 *(.ARM.exidx*)
                0x0000000008001738                __exidx_end = .
                0x0000000008001738                . = ALIGN (0x4)
                0x0000000008001738                _etext = .

.data           0x0000000020000000       0x1c load address 0x0000000008001738
                0x0000000020000000                _data = .
 *(.data*)
 .data.dir.5244
                0x0000000020000000        0x4 usbhid.o
 .data.usb_strings
                0x0000000020000004        0xc usbhid.o
 .data.rcc_ahb_frequency
                0x0000000020000010        0x4 ./libopencm3//lib/libopencm3_stm32f1.a(rcc.o)
                0x0000000020000010                rcc_ahb_frequency
 .data.rcc_apb1_frequency
                0x0000000020000014        0x4 ./libopencm3//lib/libopencm3_stm32f1.a(rcc.o)
                0x0000000020000014                rcc_apb1_frequency
 .data.rcc_apb2_frequency
                0x0000000020000018        0x4 ./libopencm3//lib/libopencm3_stm32f1.a(rcc.o)
                0x0000000020000018                rcc_apb2_frequency
                0x000000002000001c                . = ALIGN (0x4)
                0x000000002000001c                _edata = .
                0x0000000008001738                _data_loadaddr = LOADADDR (.data)

.igot.plt       0x000000002000001c        0x0 load address 0x0000000008001754
 .igot.plt      0x000000002000001c        0x0 usbhid.o

.bss            0x000000002000001c      0x18c load address 0x0000000008001754
 *(.bss*)
 .bss.usbd_control_buffer
                0x000000002000001c       0x80 usbhid.o
                0x000000002000001c                usbd_control_buffer
 .bss.usbd_dev  0x000000002000009c        0x4 usbhid.o
 .bss.x.5243    0x00000000200000a0        0x4 usbhid.o
 .bss.st_usbfs_dev
                0x00000000200000a4       0xfc ./libopencm3//lib/libopencm3_stm32f1.a(st_usbfs_core.o)
                0x00000000200000a4                st_usbfs_dev
 .bss.st_usbfs_force_nak
                0x00000000200001a0        0x8 ./libopencm3//lib/libopencm3_stm32f1.a(st_usbfs_core.o)
                0x00000000200001a0                st_usbfs_force_nak
 *(COMMON)
                0x00000000200001a8                . = ALIGN (0x4)
                0x00000000200001a8                _ebss = .

/DISCARD/
 *(.eh_frame)
                0x00000000200001a8                . = ALIGN (0x4)
                0x00000000200001a8                end = .
                0x0000000020005000                PROVIDE (_stack, (ORIGIN (ram) + LENGTH (ram)))
OUTPUT(usbhid.elf elf32-littlearm)

.debug_info     0x0000000000000000     0xaf82
 .debug_info    0x0000000000000000     0x15bb usbhid.o
 .debug_info    0x00000000000015bb      0x1dd ./libopencm3//lib/libopencm3_stm32f1.a(gpio.o)
 .debug_info    0x0000000000001798      0x22c ./libopencm3//lib/libopencm3_stm32f1.a(gpio_common_all.o)
 .debug_info    0x00000000000019c4     0x114b ./libopencm3//lib/libopencm3_stm32f1.a(rcc.o)
 .debug_info    0x0000000000002b0f      0x5f2 ./libopencm3//lib/libopencm3_stm32f1.a(rcc_common_all.o)
 .debug_info    0x0000000000003101     0x1617 ./libopencm3//lib/libopencm3_stm32f1.a(usb.o)
 .debug_info    0x0000000000004718     0x1768 ./libopencm3//lib/libopencm3_stm32f1.a(usb_control.o)
 .debug_info    0x0000000000005e80     0x1cc4 ./libopencm3//lib/libopencm3_stm32f1.a(usb_standard.o)
 .debug_info    0x0000000000007b44      0xcd9 ./libopencm3//lib/libopencm3_stm32f1.a(st_usbfs_v1.o)
 .debug_info    0x000000000000881d      0x2af ./libopencm3//lib/libopencm3_stm32f1.a(vector.o)
 .debug_info    0x0000000000008acc      0x251 ./libopencm3//lib/libopencm3_stm32f1.a(systick.o)
 .debug_info    0x0000000000008d1d      0x8e0 ./libopencm3//lib/libopencm3_stm32f1.a(scb.o)
 .debug_info    0x00000000000095fd       0xec ./libopencm3//lib/libopencm3_stm32f1.a(flash_common_all.o)
 .debug_info    0x00000000000096e9      0xf1b ./libopencm3//lib/libopencm3_stm32f1.a(st_usbfs_core.o)
 .debug_info    0x000000000000a604       0xc8 /usr/lib/gcc/arm-none-eabi/6.3.1/../../../arm-none-eabi/lib/thumb/v7-m/libc.a(lib_a-memcpy.o)
 .debug_info    0x000000000000a6cc      0x8b6 /usr/lib/gcc/arm-none-eabi/6.3.1/../../../arm-none-eabi/lib/thumb/v7-m/libc.a(lib_a-strlen-stub.o)

.debug_abbrev   0x0000000000000000     0x1e73
 .debug_abbrev  0x0000000000000000      0x371 usbhid.o
 .debug_abbrev  0x0000000000000371       0xb7 ./libopencm3//lib/libopencm3_stm32f1.a(gpio.o)
 .debug_abbrev  0x0000000000000428       0xf4 ./libopencm3//lib/libopencm3_stm32f1.a(gpio_common_all.o)
 .debug_abbrev  0x000000000000051c      0x27f ./libopencm3//lib/libopencm3_stm32f1.a(rcc.o)
 .debug_abbrev  0x000000000000079b      0x137 ./libopencm3//lib/libopencm3_stm32f1.a(rcc_common_all.o)
 .debug_abbrev  0x00000000000008d2      0x2a2 ./libopencm3//lib/libopencm3_stm32f1.a(usb.o)
 .debug_abbrev  0x0000000000000b74      0x3b6 ./libopencm3//lib/libopencm3_stm32f1.a(usb_control.o)
 .debug_abbrev  0x0000000000000f2a      0x4a7 ./libopencm3//lib/libopencm3_stm32f1.a(usb_standard.o)
 .debug_abbrev  0x00000000000013d1      0x203 ./libopencm3//lib/libopencm3_stm32f1.a(st_usbfs_v1.o)
 .debug_abbrev  0x00000000000015d4      0x127 ./libopencm3//lib/libopencm3_stm32f1.a(vector.o)
 .debug_abbrev  0x00000000000016fb      0x130 ./libopencm3//lib/libopencm3_stm32f1.a(systick.o)
 .debug_abbrev  0x000000000000182b      0x1bc ./libopencm3//lib/libopencm3_stm32f1.a(scb.o)
 .debug_abbrev  0x00000000000019e7       0x8a ./libopencm3//lib/libopencm3_stm32f1.a(flash_common_all.o)
 .debug_abbrev  0x0000000000001a71      0x250 ./libopencm3//lib/libopencm3_stm32f1.a(st_usbfs_core.o)
 .debug_abbrev  0x0000000000001cc1       0x14 /usr/lib/gcc/arm-none-eabi/6.3.1/../../../arm-none-eabi/lib/thumb/v7-m/libc.a(lib_a-memcpy.o)
 .debug_abbrev  0x0000000000001cd5      0x19e /usr/lib/gcc/arm-none-eabi/6.3.1/../../../arm-none-eabi/lib/thumb/v7-m/libc.a(lib_a-strlen-stub.o)

.debug_loc      0x0000000000000000     0x31be
 .debug_loc     0x0000000000000000      0x250 usbhid.o
 .debug_loc     0x0000000000000250      0x172 ./libopencm3//lib/libopencm3_stm32f1.a(gpio.o)
 .debug_loc     0x00000000000003c2       0x97 ./libopencm3//lib/libopencm3_stm32f1.a(gpio_common_all.o)
 .debug_loc     0x0000000000000459      0x480 ./libopencm3//lib/libopencm3_stm32f1.a(rcc.o)
 .debug_loc     0x00000000000008d9      0x108 ./libopencm3//lib/libopencm3_stm32f1.a(rcc_common_all.o)
 .debug_loc     0x00000000000009e1      0x4b1 ./libopencm3//lib/libopencm3_stm32f1.a(usb.o)
 .debug_loc     0x0000000000000e92      0x6e8 ./libopencm3//lib/libopencm3_stm32f1.a(usb_control.o)
 .debug_loc     0x000000000000157a     0x10e6 ./libopencm3//lib/libopencm3_stm32f1.a(usb_standard.o)
 .debug_loc     0x0000000000002660      0x15e ./libopencm3//lib/libopencm3_stm32f1.a(st_usbfs_v1.o)
 .debug_loc     0x00000000000027be       0xea ./libopencm3//lib/libopencm3_stm32f1.a(vector.o)
 .debug_loc     0x00000000000028a8      0x170 ./libopencm3//lib/libopencm3_stm32f1.a(systick.o)
 .debug_loc     0x0000000000002a18       0x21 ./libopencm3//lib/libopencm3_stm32f1.a(scb.o)
 .debug_loc     0x0000000000002a39       0x3f ./libopencm3//lib/libopencm3_stm32f1.a(flash_common_all.o)
 .debug_loc     0x0000000000002a78      0x725 ./libopencm3//lib/libopencm3_stm32f1.a(st_usbfs_core.o)
 .debug_loc     0x000000000000319d       0x21 /usr/lib/gcc/arm-none-eabi/6.3.1/../../../arm-none-eabi/lib/thumb/v7-m/libc.a(lib_a-strlen-stub.o)

.debug_aranges  0x0000000000000000      0x5f8
 .debug_aranges
                0x0000000000000000       0x48 usbhid.o
 .debug_aranges
                0x0000000000000048       0x38 ./libopencm3//lib/libopencm3_stm32f1.a(gpio.o)
 .debug_aranges
                0x0000000000000080       0x50 ./libopencm3//lib/libopencm3_stm32f1.a(gpio_common_all.o)
 .debug_aranges
                0x00000000000000d0      0x158 ./libopencm3//lib/libopencm3_stm32f1.a(rcc.o)
 .debug_aranges
                0x0000000000000228       0x68 ./libopencm3//lib/libopencm3_stm32f1.a(rcc_common_all.o)
 .debug_aranges
                0x0000000000000290       0x88 ./libopencm3//lib/libopencm3_stm32f1.a(usb.o)
 .debug_aranges
                0x0000000000000318       0x60 ./libopencm3//lib/libopencm3_stm32f1.a(usb_control.o)
 .debug_aranges
                0x0000000000000378       0x98 ./libopencm3//lib/libopencm3_stm32f1.a(usb_standard.o)
 .debug_aranges
                0x0000000000000410       0x30 ./libopencm3//lib/libopencm3_stm32f1.a(st_usbfs_v1.o)
 .debug_aranges
                0x0000000000000440       0x30 ./libopencm3//lib/libopencm3_stm32f1.a(vector.o)
 .debug_aranges
                0x0000000000000470       0x78 ./libopencm3//lib/libopencm3_stm32f1.a(systick.o)
 .debug_aranges
                0x00000000000004e8       0x30 ./libopencm3//lib/libopencm3_stm32f1.a(scb.o)
 .debug_aranges
                0x0000000000000518       0x38 ./libopencm3//lib/libopencm3_stm32f1.a(flash_common_all.o)
 .debug_aranges
                0x0000000000000550       0x68 ./libopencm3//lib/libopencm3_stm32f1.a(st_usbfs_core.o)
 .debug_aranges
                0x00000000000005b8       0x20 /usr/lib/gcc/arm-none-eabi/6.3.1/../../../arm-none-eabi/lib/thumb/v7-m/libc.a(lib_a-memcpy.o)
 .debug_aranges
                0x00000000000005d8       0x20 /usr/lib/gcc/arm-none-eabi/6.3.1/../../../arm-none-eabi/lib/thumb/v7-m/libc.a(lib_a-strlen-stub.o)

.debug_ranges   0x0000000000000000      0x6a8
 .debug_ranges  0x0000000000000000       0x38 usbhid.o
 .debug_ranges  0x0000000000000038       0x28 ./libopencm3//lib/libopencm3_stm32f1.a(gpio.o)
 .debug_ranges  0x0000000000000060       0x40 ./libopencm3//lib/libopencm3_stm32f1.a(gpio_common_all.o)
 .debug_ranges  0x00000000000000a0      0x1a8 ./libopencm3//lib/libopencm3_stm32f1.a(rcc.o)
 .debug_ranges  0x0000000000000248       0x58 ./libopencm3//lib/libopencm3_stm32f1.a(rcc_common_all.o)
 .debug_ranges  0x00000000000002a0       0x78 ./libopencm3//lib/libopencm3_stm32f1.a(usb.o)
 .debug_ranges  0x0000000000000318       0x90 ./libopencm3//lib/libopencm3_stm32f1.a(usb_control.o)
 .debug_ranges  0x00000000000003a8       0xe0 ./libopencm3//lib/libopencm3_stm32f1.a(usb_standard.o)
 .debug_ranges  0x0000000000000488       0x20 ./libopencm3//lib/libopencm3_stm32f1.a(st_usbfs_v1.o)
 .debug_ranges  0x00000000000004a8       0x20 ./libopencm3//lib/libopencm3_stm32f1.a(vector.o)
 .debug_ranges  0x00000000000004c8       0x80 ./libopencm3//lib/libopencm3_stm32f1.a(systick.o)
 .debug_ranges  0x0000000000000548       0x20 ./libopencm3//lib/libopencm3_stm32f1.a(scb.o)
 .debug_ranges  0x0000000000000568       0x28 ./libopencm3//lib/libopencm3_stm32f1.a(flash_common_all.o)
 .debug_ranges  0x0000000000000590      0x108 ./libopencm3//lib/libopencm3_stm32f1.a(st_usbfs_core.o)
 .debug_ranges  0x0000000000000698       0x10 /usr/lib/gcc/arm-none-eabi/6.3.1/../../../arm-none-eabi/lib/thumb/v7-m/libc.a(lib_a-strlen-stub.o)

.debug_macro    0x0000000000000000     0x54c4
 .debug_macro   0x0000000000000000      0x1e9 usbhid.o
 .debug_macro   0x00000000000001e9      0x8aa usbhid.o
 .debug_macro   0x0000000000000a93       0x22 usbhid.o
 .debug_macro   0x0000000000000ab5       0x4c usbhid.o
 .debug_macro   0x0000000000000b01       0x55 usbhid.o
 .debug_macro   0x0000000000000b56       0x35 usbhid.o
 .debug_macro   0x0000000000000b8b       0x9c usbhid.o
 .debug_macro   0x0000000000000c27       0x16 usbhid.o
 .debug_macro   0x0000000000000c3d      0x10e usbhid.o
 .debug_macro   0x0000000000000d4b       0x86 usbhid.o
 .debug_macro   0x0000000000000dd1       0x4a usbhid.o
 .debug_macro   0x0000000000000e1b       0x52 usbhid.o
 .debug_macro   0x0000000000000e6d       0x1f usbhid.o
 .debug_macro   0x0000000000000e8c       0x43 usbhid.o
 .debug_macro   0x0000000000000ecf       0x20 usbhid.o
 .debug_macro   0x0000000000000eef      0x187 usbhid.o
 .debug_macro   0x0000000000001076      0x330 usbhid.o
 .debug_macro   0x00000000000013a6       0x22 usbhid.o
 .debug_macro   0x00000000000013c8       0x1c usbhid.o
 .debug_macro   0x00000000000013e4       0xfd usbhid.o
 .debug_macro   0x00000000000014e1       0x5e usbhid.o
 .debug_macro   0x000000000000153f      0x1df usbhid.o
 .debug_macro   0x000000000000171e       0x22 usbhid.o
 .debug_macro   0x0000000000001740       0xe8 usbhid.o
 .debug_macro   0x0000000000001828       0x76 usbhid.o
 .debug_macro   0x000000000000189e       0x68 usbhid.o
 .debug_macro   0x0000000000001906      0x1a2 usbhid.o
 .debug_macro   0x0000000000001aa8       0x6f usbhid.o
 .debug_macro   0x0000000000001b17      0x1ba usbhid.o
 .debug_macro   0x0000000000001cd1      0x82c usbhid.o
 .debug_macro   0x00000000000024fd       0x76 usbhid.o
 .debug_macro   0x0000000000002573      0xe04 usbhid.o
 .debug_macro   0x0000000000003377      0x1a2 usbhid.o
 .debug_macro   0x0000000000003519       0x10 usbhid.o
 .debug_macro   0x0000000000003529       0x8e usbhid.o
 .debug_macro   0x00000000000035b7      0x39b usbhid.o
 .debug_macro   0x0000000000003952       0x2e usbhid.o
 .debug_macro   0x0000000000003980       0xb8 ./libopencm3//lib/libopencm3_stm32f1.a(gpio.o)
 .debug_macro   0x0000000000003a38       0x4f ./libopencm3//lib/libopencm3_stm32f1.a(gpio.o)
 .debug_macro   0x0000000000003a87       0x44 ./libopencm3//lib/libopencm3_stm32f1.a(gpio.o)
 .debug_macro   0x0000000000003acb      0x1b4 ./libopencm3//lib/libopencm3_stm32f1.a(gpio.o)
 .debug_macro   0x0000000000003c7f       0xb8 ./libopencm3//lib/libopencm3_stm32f1.a(gpio_common_all.o)
 .debug_macro   0x0000000000003d37       0xe7 ./libopencm3//lib/libopencm3_stm32f1.a(rcc.o)
 .debug_macro   0x0000000000003e1e       0x16 ./libopencm3//lib/libopencm3_stm32f1.a(rcc.o)
 .debug_macro   0x0000000000003e34       0xee ./libopencm3//lib/libopencm3_stm32f1.a(rcc.o)
 .debug_macro   0x0000000000003f22       0x82 ./libopencm3//lib/libopencm3_stm32f1.a(rcc.o)
 .debug_macro   0x0000000000003fa4       0xce ./libopencm3//lib/libopencm3_stm32f1.a(rcc_common_all.o)
 .debug_macro   0x0000000000004072      0x149 ./libopencm3//lib/libopencm3_stm32f1.a(usb.o)
 .debug_macro   0x00000000000041bb      0x16d ./libopencm3//lib/libopencm3_stm32f1.a(usb.o)
 .debug_macro   0x0000000000004328       0x10 ./libopencm3//lib/libopencm3_stm32f1.a(usb.o)
 .debug_macro   0x0000000000004338       0x35 ./libopencm3//lib/libopencm3_stm32f1.a(usb.o)
 .debug_macro   0x000000000000436d      0x19c ./libopencm3//lib/libopencm3_stm32f1.a(usb.o)
 .debug_macro   0x0000000000004509       0x1c ./libopencm3//lib/libopencm3_stm32f1.a(usb.o)
 .debug_macro   0x0000000000004525      0x157 ./libopencm3//lib/libopencm3_stm32f1.a(usb_control.o)
 .debug_macro   0x000000000000467c      0x149 ./libopencm3//lib/libopencm3_stm32f1.a(usb_standard.o)
 .debug_macro   0x00000000000047c5      0x10d ./libopencm3//lib/libopencm3_stm32f1.a(st_usbfs_v1.o)
 .debug_macro   0x00000000000048d2       0x3a ./libopencm3//lib/libopencm3_stm32f1.a(st_usbfs_v1.o)
 .debug_macro   0x000000000000490c      0x29e ./libopencm3//lib/libopencm3_stm32f1.a(st_usbfs_v1.o)
 .debug_macro   0x0000000000004baa       0x28 ./libopencm3//lib/libopencm3_stm32f1.a(st_usbfs_v1.o)
 .debug_macro   0x0000000000004bd2       0x10 ./libopencm3//lib/libopencm3_stm32f1.a(st_usbfs_v1.o)
 .debug_macro   0x0000000000004be2       0xcf ./libopencm3//lib/libopencm3_stm32f1.a(vector.o)
 .debug_macro   0x0000000000004cb1      0x395 ./libopencm3//lib/libopencm3_stm32f1.a(vector.o)
 .debug_macro   0x0000000000005046       0x6e ./libopencm3//lib/libopencm3_stm32f1.a(vector.o)
 .debug_macro   0x00000000000050b4       0x92 ./libopencm3//lib/libopencm3_stm32f1.a(systick.o)
 .debug_macro   0x0000000000005146       0x69 ./libopencm3//lib/libopencm3_stm32f1.a(systick.o)
 .debug_macro   0x00000000000051af      0x148 ./libopencm3//lib/libopencm3_stm32f1.a(scb.o)
 .debug_macro   0x00000000000052f7       0xc0 ./libopencm3//lib/libopencm3_stm32f1.a(flash_common_all.o)
 .debug_macro   0x00000000000053b7      0x10d ./libopencm3//lib/libopencm3_stm32f1.a(st_usbfs_core.o)

.debug_line     0x0000000000000000     0x3089
 .debug_line    0x0000000000000000      0x420 usbhid.o
 .debug_line    0x0000000000000420      0x25f ./libopencm3//lib/libopencm3_stm32f1.a(gpio.o)
 .debug_line    0x000000000000067f      0x295 ./libopencm3//lib/libopencm3_stm32f1.a(gpio_common_all.o)
 .debug_line    0x0000000000000914      0x634 ./libopencm3//lib/libopencm3_stm32f1.a(rcc.o)
 .debug_line    0x0000000000000f48      0x2c0 ./libopencm3//lib/libopencm3_stm32f1.a(rcc_common_all.o)
 .debug_line    0x0000000000001208      0x326 ./libopencm3//lib/libopencm3_stm32f1.a(usb.o)
 .debug_line    0x000000000000152e      0x38a ./libopencm3//lib/libopencm3_stm32f1.a(usb_control.o)
 .debug_line    0x00000000000018b8      0x4be ./libopencm3//lib/libopencm3_stm32f1.a(usb_standard.o)
 .debug_line    0x0000000000001d76      0x32a ./libopencm3//lib/libopencm3_stm32f1.a(st_usbfs_v1.o)
 .debug_line    0x00000000000020a0      0x2ad ./libopencm3//lib/libopencm3_stm32f1.a(vector.o)
 .debug_line    0x000000000000234d      0x24d ./libopencm3//lib/libopencm3_stm32f1.a(systick.o)
 .debug_line    0x000000000000259a      0x216 ./libopencm3//lib/libopencm3_stm32f1.a(scb.o)
 .debug_line    0x00000000000027b0      0x287 ./libopencm3//lib/libopencm3_stm32f1.a(flash_common_all.o)
 .debug_line    0x0000000000002a37      0x442 ./libopencm3//lib/libopencm3_stm32f1.a(st_usbfs_core.o)
 .debug_line    0x0000000000002e79       0xbe /usr/lib/gcc/arm-none-eabi/6.3.1/../../../arm-none-eabi/lib/thumb/v7-m/libc.a(lib_a-memcpy.o)
 .debug_line    0x0000000000002f37      0x152 /usr/lib/gcc/arm-none-eabi/6.3.1/../../../arm-none-eabi/lib/thumb/v7-m/libc.a(lib_a-strlen-stub.o)

.debug_str      0x0000000000000000    0x139d3
 .debug_str     0x0000000000000000     0xfc5c usbhid.o
                                       0xff54 (size before relaxing)
 .debug_str     0x000000000000fc5c      0x119 ./libopencm3//lib/libopencm3_stm32f1.a(gpio.o)
                                       0x7c9a (size before relaxing)
 .debug_str     0x000000000000fd75       0x6c ./libopencm3//lib/libopencm3_stm32f1.a(gpio_common_all.o)
                                       0x7c8e (size before relaxing)
 .debug_str     0x000000000000fde1      0xc8b ./libopencm3//lib/libopencm3_stm32f1.a(rcc.o)
                                       0x758d (size before relaxing)
 .debug_str     0x0000000000010a6c      0x35b ./libopencm3//lib/libopencm3_stm32f1.a(rcc_common_all.o)
                                       0x6ea3 (size before relaxing)
 .debug_str     0x0000000000010dc7      0x435 ./libopencm3//lib/libopencm3_stm32f1.a(usb.o)
                                       0x7609 (size before relaxing)
 .debug_str     0x00000000000111fc      0x105 ./libopencm3//lib/libopencm3_stm32f1.a(usb_control.o)
                                       0x7656 (size before relaxing)
 .debug_str     0x0000000000011301      0x2b2 ./libopencm3//lib/libopencm3_stm32f1.a(usb_standard.o)
                                       0x7778 (size before relaxing)
 .debug_str     0x00000000000115b3     0x1594 ./libopencm3//lib/libopencm3_stm32f1.a(st_usbfs_v1.o)
                                       0x8fcb (size before relaxing)
 .debug_str     0x0000000000012b47      0xb10 ./libopencm3//lib/libopencm3_stm32f1.a(vector.o)
                                       0x5d6c (size before relaxing)
 .debug_str     0x0000000000013657       0xc2 ./libopencm3//lib/libopencm3_stm32f1.a(systick.o)
                                       0x3c42 (size before relaxing)
 .debug_str     0x0000000000013719       0x44 ./libopencm3//lib/libopencm3_stm32f1.a(scb.o)
                                       0x7980 (size before relaxing)
 .debug_str     0x000000000001375d       0x64 ./libopencm3//lib/libopencm3_stm32f1.a(flash_common_all.o)
                                       0x4c66 (size before relaxing)
 .debug_str     0x00000000000137c1      0x119 ./libopencm3//lib/libopencm3_stm32f1.a(st_usbfs_core.o)
                                       0x8ee7 (size before relaxing)
 .debug_str     0x00000000000138da       0xf9 /usr/lib/gcc/arm-none-eabi/6.3.1/../../../arm-none-eabi/lib/thumb/v7-m/libc.a(lib_a-strlen-stub.o)
                                        0x57a (size before relaxing)

.comment        0x0000000000000000       0x31
 .comment       0x0000000000000000       0x31 usbhid.o
                                         0x32 (size before relaxing)
 .comment       0x0000000000000031       0x32 ./libopencm3//lib/libopencm3_stm32f1.a(gpio.o)
 .comment       0x0000000000000031       0x32 ./libopencm3//lib/libopencm3_stm32f1.a(gpio_common_all.o)
 .comment       0x0000000000000031       0x32 ./libopencm3//lib/libopencm3_stm32f1.a(rcc.o)
 .comment       0x0000000000000031       0x32 ./libopencm3//lib/libopencm3_stm32f1.a(rcc_common_all.o)
 .comment       0x0000000000000031       0x32 ./libopencm3//lib/libopencm3_stm32f1.a(usb.o)
 .comment       0x0000000000000031       0x32 ./libopencm3//lib/libopencm3_stm32f1.a(usb_control.o)
 .comment       0x0000000000000031       0x32 ./libopencm3//lib/libopencm3_stm32f1.a(usb_standard.o)
 .comment       0x0000000000000031       0x32 ./libopencm3//lib/libopencm3_stm32f1.a(st_usbfs_v1.o)
 .comment       0x0000000000000031       0x32 ./libopencm3//lib/libopencm3_stm32f1.a(vector.o)
 .comment       0x0000000000000031       0x32 ./libopencm3//lib/libopencm3_stm32f1.a(systick.o)
 .comment       0x0000000000000031       0x32 ./libopencm3//lib/libopencm3_stm32f1.a(scb.o)
 .comment       0x0000000000000031       0x32 ./libopencm3//lib/libopencm3_stm32f1.a(flash_common_all.o)
 .comment       0x0000000000000031       0x32 ./libopencm3//lib/libopencm3_stm32f1.a(st_usbfs_core.o)
 .comment       0x0000000000000031       0x32 /usr/lib/gcc/arm-none-eabi/6.3.1/../../../arm-none-eabi/lib/thumb/v7-m/libc.a(lib_a-strlen-stub.o)

.ARM.attributes
                0x0000000000000000       0x31
 .ARM.attributes
                0x0000000000000000       0x33 usbhid.o
 .ARM.attributes
                0x0000000000000033       0x33 ./libopencm3//lib/libopencm3_stm32f1.a(gpio.o)
 .ARM.attributes
                0x0000000000000066       0x33 ./libopencm3//lib/libopencm3_stm32f1.a(gpio_common_all.o)
 .ARM.attributes
                0x0000000000000099       0x33 ./libopencm3//lib/libopencm3_stm32f1.a(rcc.o)
 .ARM.attributes
                0x00000000000000cc       0x33 ./libopencm3//lib/libopencm3_stm32f1.a(rcc_common_all.o)
 .ARM.attributes
                0x00000000000000ff       0x33 ./libopencm3//lib/libopencm3_stm32f1.a(usb.o)
 .ARM.attributes
                0x0000000000000132       0x33 ./libopencm3//lib/libopencm3_stm32f1.a(usb_control.o)
 .ARM.attributes
                0x0000000000000165       0x33 ./libopencm3//lib/libopencm3_stm32f1.a(usb_standard.o)
 .ARM.attributes
                0x0000000000000198       0x33 ./libopencm3//lib/libopencm3_stm32f1.a(st_usbfs_v1.o)
 .ARM.attributes
                0x00000000000001cb       0x33 ./libopencm3//lib/libopencm3_stm32f1.a(vector.o)
 .ARM.attributes
                0x00000000000001fe       0x33 ./libopencm3//lib/libopencm3_stm32f1.a(systick.o)
 .ARM.attributes
                0x0000000000000231       0x33 ./libopencm3//lib/libopencm3_stm32f1.a(scb.o)
 .ARM.attributes
                0x0000000000000264       0x33 ./libopencm3//lib/libopencm3_stm32f1.a(flash_common_all.o)
 .ARM.attributes
                0x0000000000000297       0x33 ./libopencm3//lib/libopencm3_stm32f1.a(st_usbfs_core.o)
 .ARM.attributes
                0x00000000000002ca       0x1b /usr/lib/gcc/arm-none-eabi/6.3.1/../../../arm-none-eabi/lib/thumb/v7-m/libc.a(lib_a-memcpy.o)
 .ARM.attributes
                0x00000000000002e5       0x2d /usr/lib/gcc/arm-none-eabi/6.3.1/../../../arm-none-eabi/lib/thumb/v7-m/libc.a(lib_a-strlen-stub.o)

.debug_frame    0x0000000000000000      0xcfc
 .debug_frame   0x0000000000000000       0x9c usbhid.o
 .debug_frame   0x000000000000009c       0x64 ./libopencm3//lib/libopencm3_stm32f1.a(gpio.o)
 .debug_frame   0x0000000000000100       0x80 ./libopencm3//lib/libopencm3_stm32f1.a(gpio_common_all.o)
 .debug_frame   0x0000000000000180      0x2e0 ./libopencm3//lib/libopencm3_stm32f1.a(rcc.o)
 .debug_frame   0x0000000000000460       0xd0 ./libopencm3//lib/libopencm3_stm32f1.a(rcc_common_all.o)
 .debug_frame   0x0000000000000530      0x13c ./libopencm3//lib/libopencm3_stm32f1.a(usb.o)
 .debug_frame   0x000000000000066c      0x164 ./libopencm3//lib/libopencm3_stm32f1.a(usb_control.o)
 .debug_frame   0x00000000000007d0      0x1ec ./libopencm3//lib/libopencm3_stm32f1.a(usb_standard.o)
 .debug_frame   0x00000000000009bc       0x58 ./libopencm3//lib/libopencm3_stm32f1.a(st_usbfs_v1.o)
 .debug_frame   0x0000000000000a14       0x4c ./libopencm3//lib/libopencm3_stm32f1.a(vector.o)
 .debug_frame   0x0000000000000a60       0xd8 ./libopencm3//lib/libopencm3_stm32f1.a(systick.o)
 .debug_frame   0x0000000000000b38       0x40 ./libopencm3//lib/libopencm3_stm32f1.a(scb.o)
 .debug_frame   0x0000000000000b78       0x50 ./libopencm3//lib/libopencm3_stm32f1.a(flash_common_all.o)
 .debug_frame   0x0000000000000bc8      0x114 ./libopencm3//lib/libopencm3_stm32f1.a(st_usbfs_core.o)
 .debug_frame   0x0000000000000cdc       0x20 /usr/lib/gcc/arm-none-eabi/6.3.1/../../../arm-none-eabi/lib/thumb/v7-m/libc.a(lib_a-strlen-stub.o)

Cross Reference Table

Symbol                                            File
__fini_array_end                                  ./libopencm3//lib/libopencm3_stm32f1.a(vector.o)
__fini_array_start                                ./libopencm3//lib/libopencm3_stm32f1.a(vector.o)
__init_array_end                                  ./libopencm3//lib/libopencm3_stm32f1.a(vector.o)
__init_array_start                                ./libopencm3//lib/libopencm3_stm32f1.a(vector.o)
__preinit_array_end                               ./libopencm3//lib/libopencm3_stm32f1.a(vector.o)
__preinit_array_start                             ./libopencm3//lib/libopencm3_stm32f1.a(vector.o)
_data                                             ./libopencm3//lib/libopencm3_stm32f1.a(vector.o)
_data_loadaddr                                    ./libopencm3//lib/libopencm3_stm32f1.a(vector.o)
_ebss                                             ./libopencm3//lib/libopencm3_stm32f1.a(vector.o)
_edata                                            ./libopencm3//lib/libopencm3_stm32f1.a(vector.o)
_stack                                            ./libopencm3//lib/libopencm3_stm32f1.a(vector.o)
_usbd_control_in                                  ./libopencm3//lib/libopencm3_stm32f1.a(usb_control.o)
                                                  ./libopencm3//lib/libopencm3_stm32f1.a(usb.o)
_usbd_control_out                                 ./libopencm3//lib/libopencm3_stm32f1.a(usb_control.o)
                                                  ./libopencm3//lib/libopencm3_stm32f1.a(usb.o)
_usbd_control_setup                               ./libopencm3//lib/libopencm3_stm32f1.a(usb_control.o)
                                                  ./libopencm3//lib/libopencm3_stm32f1.a(usb.o)
_usbd_reset                                       ./libopencm3//lib/libopencm3_stm32f1.a(usb.o)
                                                  ./libopencm3//lib/libopencm3_stm32f1.a(st_usbfs_core.o)
_usbd_standard_request                            ./libopencm3//lib/libopencm3_stm32f1.a(usb_standard.o)
                                                  ./libopencm3//lib/libopencm3_stm32f1.a(usb_control.o)
_usbd_standard_request_device                     ./libopencm3//lib/libopencm3_stm32f1.a(usb_standard.o)
_usbd_standard_request_endpoint                   ./libopencm3//lib/libopencm3_stm32f1.a(usb_standard.o)
_usbd_standard_request_interface                  ./libopencm3//lib/libopencm3_stm32f1.a(usb_standard.o)
adc1_2_isr                                        ./libopencm3//lib/libopencm3_stm32f1.a(vector.o)
adc3_isr                                          ./libopencm3//lib/libopencm3_stm32f1.a(vector.o)
blocking_handler                                  ./libopencm3//lib/libopencm3_stm32f1.a(vector.o)
bus_fault_handler                                 ./libopencm3//lib/libopencm3_stm32f1.a(vector.o)
can2_rx0_isr                                      ./libopencm3//lib/libopencm3_stm32f1.a(vector.o)
can2_rx1_isr                                      ./libopencm3//lib/libopencm3_stm32f1.a(vector.o)
can2_sce_isr                                      ./libopencm3//lib/libopencm3_stm32f1.a(vector.o)
can2_tx_isr                                       ./libopencm3//lib/libopencm3_stm32f1.a(vector.o)
can_rx1_isr                                       ./libopencm3//lib/libopencm3_stm32f1.a(vector.o)
can_sce_isr                                       ./libopencm3//lib/libopencm3_stm32f1.a(vector.o)
cm3_assert_failed                                 ./libopencm3//lib/libopencm3_stm32f1.a(assert.o)
                                                  ./libopencm3//lib/libopencm3_stm32f1.a(rcc.o)
cm3_assert_failed_verbose                         ./libopencm3//lib/libopencm3_stm32f1.a(assert.o)
config                                            usbhid.o
debug_monitor_handler                             ./libopencm3//lib/libopencm3_stm32f1.a(vector.o)
dev_descr                                         usbhid.o
dfu_function                                      usbhid.o
dfu_iface                                         usbhid.o
dma1_channel1_isr                                 ./libopencm3//lib/libopencm3_stm32f1.a(vector.o)
dma1_channel2_isr                                 ./libopencm3//lib/libopencm3_stm32f1.a(vector.o)
dma1_channel3_isr                                 ./libopencm3//lib/libopencm3_stm32f1.a(vector.o)
dma1_channel4_isr                                 ./libopencm3//lib/libopencm3_stm32f1.a(vector.o)
dma1_channel5_isr                                 ./libopencm3//lib/libopencm3_stm32f1.a(vector.o)
dma1_channel6_isr                                 ./libopencm3//lib/libopencm3_stm32f1.a(vector.o)
dma1_channel7_isr                                 ./libopencm3//lib/libopencm3_stm32f1.a(vector.o)
dma2_channel1_isr                                 ./libopencm3//lib/libopencm3_stm32f1.a(vector.o)
dma2_channel2_isr                                 ./libopencm3//lib/libopencm3_stm32f1.a(vector.o)
dma2_channel3_isr                                 ./libopencm3//lib/libopencm3_stm32f1.a(vector.o)
dma2_channel4_5_isr                               ./libopencm3//lib/libopencm3_stm32f1.a(vector.o)
dma2_channel5_isr                                 ./libopencm3//lib/libopencm3_stm32f1.a(vector.o)
eth_isr                                           ./libopencm3//lib/libopencm3_stm32f1.a(vector.o)
eth_wkup_isr                                      ./libopencm3//lib/libopencm3_stm32f1.a(vector.o)
exti0_isr                                         ./libopencm3//lib/libopencm3_stm32f1.a(vector.o)
exti15_10_isr                                     ./libopencm3//lib/libopencm3_stm32f1.a(vector.o)
exti1_isr                                         ./libopencm3//lib/libopencm3_stm32f1.a(vector.o)
exti2_isr                                         ./libopencm3//lib/libopencm3_stm32f1.a(vector.o)
exti3_isr                                         ./libopencm3//lib/libopencm3_stm32f1.a(vector.o)
exti4_isr                                         ./libopencm3//lib/libopencm3_stm32f1.a(vector.o)
exti9_5_isr                                       ./libopencm3//lib/libopencm3_stm32f1.a(vector.o)
flash_isr                                         ./libopencm3//lib/libopencm3_stm32f1.a(vector.o)
flash_prefetch_disable                            ./libopencm3//lib/libopencm3_stm32f1.a(flash_common_all.o)
flash_prefetch_enable                             ./libopencm3//lib/libopencm3_stm32f1.a(flash_common_all.o)
flash_set_ws                                      ./libopencm3//lib/libopencm3_stm32f1.a(flash_common_all.o)
                                                  ./libopencm3//lib/libopencm3_stm32f1.a(rcc.o)
flash_unlock_option_bytes                         ./libopencm3//lib/libopencm3_stm32f1.a(flash_common_all.o)
fsmc_isr                                          ./libopencm3//lib/libopencm3_stm32f1.a(vector.o)
gpio_clear                                        ./libopencm3//lib/libopencm3_stm32f1.a(gpio_common_all.o)
                                                  usbhid.o
gpio_get                                          ./libopencm3//lib/libopencm3_stm32f1.a(gpio_common_all.o)
gpio_port_config_lock                             ./libopencm3//lib/libopencm3_stm32f1.a(gpio_common_all.o)
gpio_port_read                                    ./libopencm3//lib/libopencm3_stm32f1.a(gpio_common_all.o)
gpio_port_write                                   ./libopencm3//lib/libopencm3_stm32f1.a(gpio_common_all.o)
gpio_primary_remap                                ./libopencm3//lib/libopencm3_stm32f1.a(gpio.o)
gpio_secondary_remap                              ./libopencm3//lib/libopencm3_stm32f1.a(gpio.o)
gpio_set                                          ./libopencm3//lib/libopencm3_stm32f1.a(gpio_common_all.o)
                                                  usbhid.o
gpio_set_eventout                                 ./libopencm3//lib/libopencm3_stm32f1.a(gpio.o)
gpio_set_mode                                     ./libopencm3//lib/libopencm3_stm32f1.a(gpio.o)
                                                  usbhid.o
gpio_toggle                                       ./libopencm3//lib/libopencm3_stm32f1.a(gpio_common_all.o)
hard_fault_handler                                ./libopencm3//lib/libopencm3_stm32f1.a(vector.o)
hid_endpoint                                      usbhid.o
hid_iface                                         usbhid.o
i2c1_er_isr                                       ./libopencm3//lib/libopencm3_stm32f1.a(vector.o)
i2c1_ev_isr                                       ./libopencm3//lib/libopencm3_stm32f1.a(vector.o)
i2c2_er_isr                                       ./libopencm3//lib/libopencm3_stm32f1.a(vector.o)
i2c2_ev_isr                                       ./libopencm3//lib/libopencm3_stm32f1.a(vector.o)
ifaces                                            usbhid.o
main                                              usbhid.o
                                                  ./libopencm3//lib/libopencm3_stm32f1.a(vector.o)
mem_manage_handler                                ./libopencm3//lib/libopencm3_stm32f1.a(vector.o)
memcpy                                            /usr/lib/gcc/arm-none-eabi/6.3.1/../../../arm-none-eabi/lib/thumb/v7-m/libc.a(lib_a-memcpy.o)
                                                  ./libopencm3//lib/libopencm3_stm32f1.a(usb_standard.o)
nmi_handler                                       ./libopencm3//lib/libopencm3_stm32f1.a(vector.o)
null_handler                                      ./libopencm3//lib/libopencm3_stm32f1.a(vector.o)
otg_fs_isr                                        ./libopencm3//lib/libopencm3_stm32f1.a(vector.o)
pend_sv_handler                                   ./libopencm3//lib/libopencm3_stm32f1.a(vector.o)
pvd_isr                                           ./libopencm3//lib/libopencm3_stm32f1.a(vector.o)
rcc_ahb_frequency                                 ./libopencm3//lib/libopencm3_stm32f1.a(rcc.o)
rcc_apb1_frequency                                ./libopencm3//lib/libopencm3_stm32f1.a(rcc.o)
rcc_apb2_frequency                                ./libopencm3//lib/libopencm3_stm32f1.a(rcc.o)
rcc_backupdomain_reset                            ./libopencm3//lib/libopencm3_stm32f1.a(rcc.o)
rcc_clock_setup_in_hse_12mhz_out_72mhz            ./libopencm3//lib/libopencm3_stm32f1.a(rcc.o)
rcc_clock_setup_in_hse_16mhz_out_72mhz            ./libopencm3//lib/libopencm3_stm32f1.a(rcc.o)
rcc_clock_setup_in_hse_25mhz_out_72mhz            ./libopencm3//lib/libopencm3_stm32f1.a(rcc.o)
rcc_clock_setup_in_hse_8mhz_out_24mhz             ./libopencm3//lib/libopencm3_stm32f1.a(rcc.o)
rcc_clock_setup_in_hse_8mhz_out_72mhz             ./libopencm3//lib/libopencm3_stm32f1.a(rcc.o)
rcc_clock_setup_in_hsi_out_24mhz                  ./libopencm3//lib/libopencm3_stm32f1.a(rcc.o)
rcc_clock_setup_in_hsi_out_48mhz                  ./libopencm3//lib/libopencm3_stm32f1.a(rcc.o)
                                                  usbhid.o
rcc_clock_setup_in_hsi_out_64mhz                  ./libopencm3//lib/libopencm3_stm32f1.a(rcc.o)
rcc_css_disable                                   ./libopencm3//lib/libopencm3_stm32f1.a(rcc.o)
rcc_css_enable                                    ./libopencm3//lib/libopencm3_stm32f1.a(rcc.o)
rcc_css_int_clear                                 ./libopencm3//lib/libopencm3_stm32f1.a(rcc.o)
rcc_css_int_flag                                  ./libopencm3//lib/libopencm3_stm32f1.a(rcc.o)
rcc_enable_rtc_clock                              ./libopencm3//lib/libopencm3_stm32f1.a(rcc.o)
rcc_is_osc_ready                                  ./libopencm3//lib/libopencm3_stm32f1.a(rcc.o)
rcc_isr                                           ./libopencm3//lib/libopencm3_stm32f1.a(vector.o)
rcc_osc_bypass_disable                            ./libopencm3//lib/libopencm3_stm32f1.a(rcc_common_all.o)
rcc_osc_bypass_enable                             ./libopencm3//lib/libopencm3_stm32f1.a(rcc_common_all.o)
rcc_osc_off                                       ./libopencm3//lib/libopencm3_stm32f1.a(rcc.o)
rcc_osc_on                                        ./libopencm3//lib/libopencm3_stm32f1.a(rcc.o)
rcc_osc_ready_int_clear                           ./libopencm3//lib/libopencm3_stm32f1.a(rcc.o)
rcc_osc_ready_int_disable                         ./libopencm3//lib/libopencm3_stm32f1.a(rcc.o)
rcc_osc_ready_int_enable                          ./libopencm3//lib/libopencm3_stm32f1.a(rcc.o)
rcc_osc_ready_int_flag                            ./libopencm3//lib/libopencm3_stm32f1.a(rcc.o)
rcc_periph_clock_disable                          ./libopencm3//lib/libopencm3_stm32f1.a(rcc_common_all.o)
rcc_periph_clock_enable                           ./libopencm3//lib/libopencm3_stm32f1.a(rcc_common_all.o)
                                                  ./libopencm3//lib/libopencm3_stm32f1.a(st_usbfs_v1.o)
                                                  usbhid.o
rcc_periph_reset_hold                             ./libopencm3//lib/libopencm3_stm32f1.a(rcc_common_all.o)
rcc_periph_reset_pulse                            ./libopencm3//lib/libopencm3_stm32f1.a(rcc_common_all.o)
rcc_periph_reset_release                          ./libopencm3//lib/libopencm3_stm32f1.a(rcc_common_all.o)
rcc_peripheral_clear_reset                        ./libopencm3//lib/libopencm3_stm32f1.a(rcc_common_all.o)
rcc_peripheral_disable_clock                      ./libopencm3//lib/libopencm3_stm32f1.a(rcc_common_all.o)
rcc_peripheral_enable_clock                       ./libopencm3//lib/libopencm3_stm32f1.a(rcc_common_all.o)
rcc_peripheral_reset                              ./libopencm3//lib/libopencm3_stm32f1.a(rcc_common_all.o)
rcc_rtc_clock_enabled_flag                        ./libopencm3//lib/libopencm3_stm32f1.a(rcc.o)
rcc_set_adcpre                                    ./libopencm3//lib/libopencm3_stm32f1.a(rcc.o)
rcc_set_hpre                                      ./libopencm3//lib/libopencm3_stm32f1.a(rcc.o)
rcc_set_mco                                       ./libopencm3//lib/libopencm3_stm32f1.a(rcc_common_all.o)
rcc_set_pll2_multiplication_factor                ./libopencm3//lib/libopencm3_stm32f1.a(rcc.o)
rcc_set_pll3_multiplication_factor                ./libopencm3//lib/libopencm3_stm32f1.a(rcc.o)
rcc_set_pll_multiplication_factor                 ./libopencm3//lib/libopencm3_stm32f1.a(rcc.o)
rcc_set_pll_source                                ./libopencm3//lib/libopencm3_stm32f1.a(rcc.o)
rcc_set_pllxtpre                                  ./libopencm3//lib/libopencm3_stm32f1.a(rcc.o)
rcc_set_ppre1                                     ./libopencm3//lib/libopencm3_stm32f1.a(rcc.o)
rcc_set_ppre2                                     ./libopencm3//lib/libopencm3_stm32f1.a(rcc.o)
rcc_set_prediv1                                   ./libopencm3//lib/libopencm3_stm32f1.a(rcc.o)
rcc_set_prediv1_source                            ./libopencm3//lib/libopencm3_stm32f1.a(rcc.o)
rcc_set_prediv2                                   ./libopencm3//lib/libopencm3_stm32f1.a(rcc.o)
rcc_set_rtc_clock_source                          ./libopencm3//lib/libopencm3_stm32f1.a(rcc.o)
rcc_set_sysclk_source                             ./libopencm3//lib/libopencm3_stm32f1.a(rcc.o)
rcc_set_usbpre                                    ./libopencm3//lib/libopencm3_stm32f1.a(rcc.o)
rcc_system_clock_source                           ./libopencm3//lib/libopencm3_stm32f1.a(rcc.o)
rcc_wait_for_osc_ready                            ./libopencm3//lib/libopencm3_stm32f1.a(rcc.o)
reset_handler                                     ./libopencm3//lib/libopencm3_stm32f1.a(vector.o)
rtc_alarm_isr                                     ./libopencm3//lib/libopencm3_stm32f1.a(vector.o)
rtc_isr                                           ./libopencm3//lib/libopencm3_stm32f1.a(vector.o)
scb_reset_core                                    ./libopencm3//lib/libopencm3_stm32f1.a(scb.o)
                                                  usbhid.o
scb_reset_system                                  ./libopencm3//lib/libopencm3_stm32f1.a(scb.o)
scb_set_priority_grouping                         ./libopencm3//lib/libopencm3_stm32f1.a(scb.o)
sdio_isr                                          ./libopencm3//lib/libopencm3_stm32f1.a(vector.o)
spi1_isr                                          ./libopencm3//lib/libopencm3_stm32f1.a(vector.o)
spi2_isr                                          ./libopencm3//lib/libopencm3_stm32f1.a(vector.o)
spi3_isr                                          ./libopencm3//lib/libopencm3_stm32f1.a(vector.o)
st_usbfs_copy_from_pm                             ./libopencm3//lib/libopencm3_stm32f1.a(st_usbfs_v1.o)
                                                  ./libopencm3//lib/libopencm3_stm32f1.a(st_usbfs_core.o)
st_usbfs_copy_to_pm                               ./libopencm3//lib/libopencm3_stm32f1.a(st_usbfs_v1.o)
                                                  ./libopencm3//lib/libopencm3_stm32f1.a(st_usbfs_core.o)
st_usbfs_dev                                      ./libopencm3//lib/libopencm3_stm32f1.a(st_usbfs_core.o)
                                                  ./libopencm3//lib/libopencm3_stm32f1.a(st_usbfs_v1.o)
st_usbfs_endpoints_reset                          ./libopencm3//lib/libopencm3_stm32f1.a(st_usbfs_core.o)
                                                  ./libopencm3//lib/libopencm3_stm32f1.a(st_usbfs_v1.o)
st_usbfs_ep_nak_set                               ./libopencm3//lib/libopencm3_stm32f1.a(st_usbfs_core.o)
                                                  ./libopencm3//lib/libopencm3_stm32f1.a(st_usbfs_v1.o)
st_usbfs_ep_read_packet                           ./libopencm3//lib/libopencm3_stm32f1.a(st_usbfs_core.o)
                                                  ./libopencm3//lib/libopencm3_stm32f1.a(st_usbfs_v1.o)
st_usbfs_ep_setup                                 ./libopencm3//lib/libopencm3_stm32f1.a(st_usbfs_core.o)
                                                  ./libopencm3//lib/libopencm3_stm32f1.a(st_usbfs_v1.o)
st_usbfs_ep_stall_get                             ./libopencm3//lib/libopencm3_stm32f1.a(st_usbfs_core.o)
                                                  ./libopencm3//lib/libopencm3_stm32f1.a(st_usbfs_v1.o)
st_usbfs_ep_stall_set                             ./libopencm3//lib/libopencm3_stm32f1.a(st_usbfs_core.o)
                                                  ./libopencm3//lib/libopencm3_stm32f1.a(st_usbfs_v1.o)
st_usbfs_ep_write_packet                          ./libopencm3//lib/libopencm3_stm32f1.a(st_usbfs_core.o)
                                                  ./libopencm3//lib/libopencm3_stm32f1.a(st_usbfs_v1.o)
st_usbfs_force_nak                                ./libopencm3//lib/libopencm3_stm32f1.a(st_usbfs_core.o)
st_usbfs_poll                                     ./libopencm3//lib/libopencm3_stm32f1.a(st_usbfs_core.o)
                                                  ./libopencm3//lib/libopencm3_stm32f1.a(st_usbfs_v1.o)
st_usbfs_set_address                              ./libopencm3//lib/libopencm3_stm32f1.a(st_usbfs_core.o)
                                                  ./libopencm3//lib/libopencm3_stm32f1.a(st_usbfs_v1.o)
st_usbfs_set_ep_rx_bufsize                        ./libopencm3//lib/libopencm3_stm32f1.a(st_usbfs_core.o)
st_usbfs_v1_usb_driver                            ./libopencm3//lib/libopencm3_stm32f1.a(st_usbfs_v1.o)
                                                  usbhid.o
strlen                                            /usr/lib/gcc/arm-none-eabi/6.3.1/../../../arm-none-eabi/lib/thumb/v7-m/libc.a(lib_a-strlen-stub.o)
                                                  ./libopencm3//lib/libopencm3_stm32f1.a(usb_standard.o)
sv_call_handler                                   ./libopencm3//lib/libopencm3_stm32f1.a(vector.o)
sys_tick_handler                                  usbhid.o
systick_clear                                     ./libopencm3//lib/libopencm3_stm32f1.a(systick.o)
systick_counter_disable                           ./libopencm3//lib/libopencm3_stm32f1.a(systick.o)
systick_counter_enable                            ./libopencm3//lib/libopencm3_stm32f1.a(systick.o)
                                                  usbhid.o
systick_get_calib                                 ./libopencm3//lib/libopencm3_stm32f1.a(systick.o)
systick_get_countflag                             ./libopencm3//lib/libopencm3_stm32f1.a(systick.o)
systick_get_reload                                ./libopencm3//lib/libopencm3_stm32f1.a(systick.o)
systick_get_value                                 ./libopencm3//lib/libopencm3_stm32f1.a(systick.o)
systick_interrupt_disable                         ./libopencm3//lib/libopencm3_stm32f1.a(systick.o)
systick_interrupt_enable                          ./libopencm3//lib/libopencm3_stm32f1.a(systick.o)
                                                  usbhid.o
systick_set_clocksource                           ./libopencm3//lib/libopencm3_stm32f1.a(systick.o)
                                                  usbhid.o
systick_set_frequency                             ./libopencm3//lib/libopencm3_stm32f1.a(systick.o)
systick_set_reload                                ./libopencm3//lib/libopencm3_stm32f1.a(systick.o)
                                                  usbhid.o
tamper_isr                                        ./libopencm3//lib/libopencm3_stm32f1.a(vector.o)
tim1_brk_isr                                      ./libopencm3//lib/libopencm3_stm32f1.a(vector.o)
tim1_cc_isr                                       ./libopencm3//lib/libopencm3_stm32f1.a(vector.o)
tim1_trg_com_isr                                  ./libopencm3//lib/libopencm3_stm32f1.a(vector.o)
tim1_up_isr                                       ./libopencm3//lib/libopencm3_stm32f1.a(vector.o)
tim2_isr                                          ./libopencm3//lib/libopencm3_stm32f1.a(vector.o)
tim3_isr                                          ./libopencm3//lib/libopencm3_stm32f1.a(vector.o)
tim4_isr                                          ./libopencm3//lib/libopencm3_stm32f1.a(vector.o)
tim5_isr                                          ./libopencm3//lib/libopencm3_stm32f1.a(vector.o)
tim6_isr                                          ./libopencm3//lib/libopencm3_stm32f1.a(vector.o)
tim7_isr                                          ./libopencm3//lib/libopencm3_stm32f1.a(vector.o)
tim8_brk_isr                                      ./libopencm3//lib/libopencm3_stm32f1.a(vector.o)
tim8_cc_isr                                       ./libopencm3//lib/libopencm3_stm32f1.a(vector.o)
tim8_trg_com_isr                                  ./libopencm3//lib/libopencm3_stm32f1.a(vector.o)
tim8_up_isr                                       ./libopencm3//lib/libopencm3_stm32f1.a(vector.o)
uart4_isr                                         ./libopencm3//lib/libopencm3_stm32f1.a(vector.o)
uart5_isr                                         ./libopencm3//lib/libopencm3_stm32f1.a(vector.o)
usage_fault_handler                               ./libopencm3//lib/libopencm3_stm32f1.a(vector.o)
usart1_isr                                        ./libopencm3//lib/libopencm3_stm32f1.a(vector.o)
usart2_isr                                        ./libopencm3//lib/libopencm3_stm32f1.a(vector.o)
usart3_isr                                        ./libopencm3//lib/libopencm3_stm32f1.a(vector.o)
usb_hp_can_tx_isr                                 ./libopencm3//lib/libopencm3_stm32f1.a(vector.o)
usb_lp_can_rx0_isr                                ./libopencm3//lib/libopencm3_stm32f1.a(vector.o)
usb_wakeup_isr                                    ./libopencm3//lib/libopencm3_stm32f1.a(vector.o)
usbd_control_buffer                               usbhid.o
usbd_disconnect                                   ./libopencm3//lib/libopencm3_stm32f1.a(usb.o)
usbd_ep_nak_set                                   ./libopencm3//lib/libopencm3_stm32f1.a(usb.o)
                                                  ./libopencm3//lib/libopencm3_stm32f1.a(usb_control.o)
usbd_ep_read_packet                               ./libopencm3//lib/libopencm3_stm32f1.a(usb.o)
                                                  ./libopencm3//lib/libopencm3_stm32f1.a(usb_control.o)
usbd_ep_setup                                     ./libopencm3//lib/libopencm3_stm32f1.a(usb.o)
                                                  usbhid.o
usbd_ep_stall_get                                 ./libopencm3//lib/libopencm3_stm32f1.a(usb.o)
                                                  ./libopencm3//lib/libopencm3_stm32f1.a(usb_standard.o)
usbd_ep_stall_set                                 ./libopencm3//lib/libopencm3_stm32f1.a(usb.o)
                                                  ./libopencm3//lib/libopencm3_stm32f1.a(usb_standard.o)
                                                  ./libopencm3//lib/libopencm3_stm32f1.a(usb_control.o)
usbd_ep_write_packet                              ./libopencm3//lib/libopencm3_stm32f1.a(usb.o)
                                                  ./libopencm3//lib/libopencm3_stm32f1.a(usb_control.o)
                                                  usbhid.o
usbd_init                                         ./libopencm3//lib/libopencm3_stm32f1.a(usb.o)
                                                  usbhid.o
usbd_poll                                         ./libopencm3//lib/libopencm3_stm32f1.a(usb.o)
                                                  usbhid.o
usbd_register_control_callback                    ./libopencm3//lib/libopencm3_stm32f1.a(usb_control.o)
                                                  usbhid.o
usbd_register_reset_callback                      ./libopencm3//lib/libopencm3_stm32f1.a(usb.o)
usbd_register_resume_callback                     ./libopencm3//lib/libopencm3_stm32f1.a(usb.o)
usbd_register_set_altsetting_callback             ./libopencm3//lib/libopencm3_stm32f1.a(usb_standard.o)
usbd_register_set_config_callback                 ./libopencm3//lib/libopencm3_stm32f1.a(usb_standard.o)
                                                  usbhid.o
usbd_register_sof_callback                        ./libopencm3//lib/libopencm3_stm32f1.a(usb.o)
usbd_register_suspend_callback                    ./libopencm3//lib/libopencm3_stm32f1.a(usb.o)
vector_table                                      ./libopencm3//lib/libopencm3_stm32f1.a(vector.o)
wwdg_isr                                          ./libopencm3//lib/libopencm3_stm32f1.a(vector.o)
